TKJSQUAD@DESKTOP-JITE3PT MINGW64 ~ (master)
$ git checkout contack
fatal: Unable to create 'C:/Users/TKJSQUAD/.git/index.lock': File exists.

Another git process seems to be running in this repository, e.g.
an editor opened by 'git commit'. Please make sure all processes
are terminated then try again. If it still fails, a git process
may have crashed in this repository earlier:
remove the file manually to continue.

TKJSQUAD@DESKTOP-JITE3PT MINGW64 ~ (master)
$ git branch

TKJSQUAD@DESKTOP-JITE3PT MINGW64 ~ (master)
$ git branch galeri
fatal: not a valid object name: 'master'

TKJSQUAD@DESKTOP-JITE3PT MINGW64 ~ (master)
$ git branch galeri checkout
fatal: not a valid object name: 'checkout'

TKJSQUAD@DESKTOP-JITE3PT MINGW64 ~ (master)
$ pwd
/c/Users/TKJSQUAD

TKJSQUAD@DESKTOP-JITE3PT MINGW64 ~ (master)
$ mkdir git-basic

TKJSQUAD@DESKTOP-JITE3PT MINGW64 ~ (master)
$ pwd
/c/Users/TKJSQUAD

TKJSQUAD@DESKTOP-JITE3PT MINGW64 ~ (master)
$ cd git-basic

TKJSQUAD@DESKTOP-JITE3PT MINGW64 ~/git-basic (master)
$ echo >first.txt

TKJSQUAD@DESKTOP-JITE3PT MINGW64 ~/git-basic (master)
$ dir
first.txt

TKJSQUAD@DESKTOP-JITE3PT MINGW64 ~/git-basic (master)
$ git init
Initialized empty Git repository in C:/Users/TKJSQUAD/git-basic/.git/

TKJSQUAD@DESKTOP-JITE3PT MINGW64 ~/git-basic (master)
$ ls -a
./  ../  .git/  first.txt

TKJSQUAD@DESKTOP-JITE3PT MINGW64 ~/git-basic (master)
$ git status
On branch master

No commits yet

Untracked files:
  (use "git add <file>..." to include in what will be committed)
        first.txt

nothing added to commit but untracked files present (use "git add" to track)

TKJSQUAD@DESKTOP-JITE3PT MINGW64 ~/git-basic (master)
$ git add
Nothing specified, nothing added.
hint: Maybe you wanted to say 'git add .'?
hint: Turn this message off by running
hint: "git config advice.addEmptyPathspec false"

TKJSQUAD@DESKTOP-JITE3PT MINGW64 ~/git-basic (master)
$ git add .
warning: in the working copy of 'first.txt', LF will be replaced by CRLF the next time Git touches it

TKJSQUAD@DESKTOP-JITE3PT MINGW64 ~/git-basic (master)
$ git status
On branch master

No commits yet

Changes to be committed:
  (use "git rm --cached <file>..." to unstage)
        new file:   first.txt


TKJSQUAD@DESKTOP-JITE3PT MINGW64 ~/git-basic (master)
$ git commit -m "adding first.txt"
[master (root-commit) bf8a843] adding first.txt
 1 file changed, 1 insertion(+)
 create mode 100644 first.txt

TKJSQUAD@DESKTOP-JITE3PT MINGW64 ~/git-basic (master)
$ git status
On branch master
nothing to commit, working tree clean

TKJSQUAD@DESKTOP-JITE3PT MINGW64 ~/git-basic (master)
$ git log
commit bf8a843c33f47cd9f6021c6a6a0d2d63f1f7b744 (HEAD -> master)
Author: Elwass <hanung07112012@gmail.com>
Date:   Fri Jul 1 13:26:17 2022 +0700

    adding first.txt

TKJSQUAD@DESKTOP-JITE3PT MINGW64 ~/git-basic (master)
$ touch second.txt

TKJSQUAD@DESKTOP-JITE3PT MINGW64 ~/git-basic (master)
$ dir
first.txt  second.txt

TKJSQUAD@DESKTOP-JITE3PT MINGW64 ~/git-basic (master)
$ git status
On branch master
Untracked files:
  (use "git add <file>..." to include in what will be committed)
        second.txt

nothing added to commit but untracked files present (use "git add" to track)

TKJSQUAD@DESKTOP-JITE3PT MINGW64 ~/git-basic (master)
$ git add .

TKJSQUAD@DESKTOP-JITE3PT MINGW64 ~/git-basic (master)
$ git status
On branch master
Changes to be committed:
  (use "git restore --staged <file>..." to unstage)
        new file:   second.txt


TKJSQUAD@DESKTOP-JITE3PT MINGW64 ~/git-basic (master)
$ git commit -m "adding second txt"
[master 855b3cb] adding second txt
 1 file changed, 0 insertions(+), 0 deletions(-)
 create mode 100644 second.txt

TKJSQUAD@DESKTOP-JITE3PT MINGW64 ~/git-basic (master)
$ echo adding second.txt>second.txt

TKJSQUAD@DESKTOP-JITE3PT MINGW64 ~/git-basic (master)
$ git status
On branch master
Changes not staged for commit:
  (use "git add <file>..." to update what will be committed)
  (use "git restore <file>..." to discard changes in working directory)
        modified:   second.txt

no changes added to commit (use "git add" and/or "git commit -a")

TKJSQUAD@DESKTOP-JITE3PT MINGW64 ~/git-basic (master)
$ git add
Nothing specified, nothing added.
hint: Maybe you wanted to say 'git add .'?
hint: Turn this message off by running
hint: "git config advice.addEmptyPathspec false"

TKJSQUAD@DESKTOP-JITE3PT MINGW64 ~/git-basic (master)
$ git log
commit 855b3cb3d9e19fbc20088265ed11b28a34a6701b (HEAD -> master)
Author: Elwass <hanung07112012@gmail.com>
Date:   Fri Jul 1 13:28:05 2022 +0700

    adding second txt

commit bf8a843c33f47cd9f6021c6a6a0d2d63f1f7b744
Author: Elwass <hanung07112012@gmail.com>
Date:   Fri Jul 1 13:26:17 2022 +0700

    adding first.txt

TKJSQUAD@DESKTOP-JITE3PT MINGW64 ~/git-basic (master)
$ rm first.txt

TKJSQUAD@DESKTOP-JITE3PT MINGW64 ~/git-basic (master)
$ git status
On branch master
Changes not staged for commit:
  (use "git add/rm <file>..." to update what will be committed)
  (use "git restore <file>..." to discard changes in working directory)
        deleted:    first.txt
        modified:   second.txt

no changes added to commit (use "git add" and/or "git commit -a")

TKJSQUAD@DESKTOP-JITE3PT MINGW64 ~/git-basic (master)
$ git add
Nothing specified, nothing added.
hint: Maybe you wanted to say 'git add .'?
hint: Turn this message off by running
hint: "git config advice.addEmptyPathspec false"

TKJSQUAD@DESKTOP-JITE3PT MINGW64 ~/git-basic (master)
$ git add .
warning: in the working copy of 'second.txt', LF will be replaced by CRLF the next time Git touches it

TKJSQUAD@DESKTOP-JITE3PT MINGW64 ~/git-basic (master)
$ git log
commit 855b3cb3d9e19fbc20088265ed11b28a34a6701b (HEAD -> master)
Author: Elwass <hanung07112012@gmail.com>
Date:   Fri Jul 1 13:28:05 2022 +0700

    adding second txt

commit bf8a843c33f47cd9f6021c6a6a0d2d63f1f7b744
Author: Elwass <hanung07112012@gmail.com>
Date:   Fri Jul 1 13:26:17 2022 +0700

    adding first.txt

TKJSQUAD@DESKTOP-JITE3PT MINGW64 ~/git-basic (master)
$ dir
second.txt

TKJSQUAD@DESKTOP-JITE3PT MINGW64 ~/git-basic (master)
$ git log
commit 855b3cb3d9e19fbc20088265ed11b28a34a6701b (HEAD -> master)
Author: Elwass <hanung07112012@gmail.com>
Date:   Fri Jul 1 13:28:05 2022 +0700

    adding second txt

commit bf8a843c33f47cd9f6021c6a6a0d2d63f1f7b744
Author: Elwass <hanung07112012@gmail.com>
Date:   Fri Jul 1 13:26:17 2022 +0700

    adding first.txt

TKJSQUAD@DESKTOP-JITE3PT MINGW64 ~/git-basic (master)
